// Jest Snapshot v1, https://goo.gl/fbAQLP

exports[`BackLink renders BackLink 1`] = `
<div>
  <div
    class="sc-bczRLJ fQltev"
  >
    <a
      class="back-link"
      data-testid="back-link"
      style="color: red;"
    >
      <svg
        aria-hidden="true"
        class="MuiSvgIcon-root MuiSvgIcon-fontSizeMedium css-i4bv87-MuiSvgIcon-root"
        data-testid="ArrowBackIcon"
        focusable="false"
        viewBox="0 0 24 24"
      >
        <path
          d="M20 11H7.83l5.59-5.59L12 4l-8 8 8 8 1.41-1.41L7.83 13H20v-2z"
        />
      </svg>
      back
    </a>
  </div>
</div>
`;
